https://git-scm.com/book/ko/v1/Git-%EB%B8%8C%EB%9E%9C%EC%B9%98-%EB%B8%8C%EB%9E%9C%EC%B9%98%EC%99%80-Merge%EC%9D%98-%EA%B8%B0%EC%B4%88


[브랜치와 Merge의 기초]

실제 개발과정에서 겪을 만한 예제를 하나 살펴보자. 브랜치와 Merge는 보통 이런 식으로 진행한다:

작업 중인 웹사이트가 있다.

새로운 이슈를 처리할 새 Branch를 하나 생성.

새로 만든 Branch에서 작업 중.

이때 중요한 문제가 생겨서 그것을 해결하는 Hotfix를 먼저 만들어야 한다. 
그러면 다음과 같이 할 수 있다:

새로운 이슈를 처리하기 이전의 운영(Production) 브랜치로 이동.

Hotfix 브랜치를 새로 하나 생성.

수정한 Hotfix 테스트를 마치고 운영 브랜치로 Merge.

다시 작업하던 브랜치로 옮겨가서 하던 일 진행.

[브랜치의 기초]

먼저 커밋을 몇 번 했다고 가정하자.

이슈 관리 시스템에 등록된 53번 이슈를 처리한다고 하면 
이 이슈에 집중할 수 있는 브랜치를 새로 하나 만든다. 
Git은 어떤 이슈 관리 시스템에도 종속돼 있지 않다. 
브랜치를 만들면서 Checkout까지 한 번에 하려면 git checkout 명령에 -b라는 옵션을 준다.

$ git checkout -b iss53
Switched to a new branch 'iss53'

위 명령은 아래 명령을 줄여놓은 것이다:

$ git branch iss53
$ git checkout iss53

iss53 브랜치를 Checkout했기 때문에(즉, HEAD는 iss53 브랜치를 가리킨다) 
뭔가 일을 하고 커밋하면 iss53 브랜치가 앞으로 진행한다:

$ vim index.html
$ git commit -a -m 'added a new footer [issue 53]'

다른 상황을 가정해보자. 만드는 사이트에 문제가 생겨서 즉시 고쳐야 한다. 
버그를 해결한 Hotfix에 'iss53'이 섞이는 것을 방지하기 위해 'iss53'와 관련된 코드를 어딘가에 
저장해두고 원래 운영 환경의 소스로 복구해야 한다. 

Git을 사용하면 이런 노력을 들일 필요 없이 그냥 master 브랜치로 옮기면 된다.

그렇지만, 브랜치를 이동하려면 해야 할 일이 있다. 아직 커밋하지 않은 파일이 Checkout할 
브랜치와 충돌 나면 브랜치를 변경할 수 없다. 

브랜치를 변경할 때에는 워킹 디렉토리를 정리하는 것이 좋다. 
이런 문제를 다루는 방법은(주로, Stash이나 커밋 Amend에 대해) 나중에 다룰 것이다. 
지금은 작업하던 것을 모두 커밋하고 master 브랜치로 옮긴다:

$ git checkout master
Switched to branch 'master'


이때 워킹 디렉토리는 53번 이슈를 시작하기 이전 모습으로 되돌려지기 때문에 
새로운 문제에 집중할 수 있는 환경이 만들어진다. Git은 자동으로 워킹 디렉토리에 파일들을 추가하고, 
지우고, 수정해서 Checkout한 브랜치의 스냅샷으로 되돌려 놓는다는 것을 기억해야 한다.

hotfix라는 브랜치를 만들고 새로운 이슈를 해결할 때까지 사용한다:

$ git checkout -b hotfix
Switched to a new branch 'hotfix'
$ vim index.html
$ git commit -a -m 'fixed the broken email address'
[hotfix 3a0874c] fixed the broken email address
 1 files changed, 1 deletion(-)

운영 환경에 적용하려면 문제를 제대로 고쳤는지 테스트하고 master 
브랜치에 합쳐야 한다. git merge 명령으로 다음과 같이 한다:

$ git checkout master
$ git merge hotfix
Updating f42c576..3a0874c
Fast-forward
 README | 1 -
 1 file changed, 1 deletion(-)

Merge 메시지에서 'Fast-forward'가 보이는가? Merge할 브랜치가 가리키고 있던 
커밋이 현 브랜치가 가리키는 것보다 '앞으로 진행한' 커밋이기 때문에 master 브랜치 
포인터는 최신 커밋으로 이동한다. 이런 Merge 방식을 'Fast forward'라고 부른다. 
다시 말해서 A 브랜치에서 다른 B 브랜치를 Merge할 때 B가 A 이후의 커밋을 가리키고 
있으면 그저 A가 B의 커밋을 가리키게 할 뿐이다.

이제 hotfix는 master 브랜치에 포함됐고 운영환경에 적용할 수 있다

문제를 급히 해결하고 master 브랜치에 적용하고 나면 다시 일하던 브랜치로 돌아가야 한다. 
하지만, 그전에 필요없는 hotfix 브랜치를 삭제한다. git branch 명령에 -d 옵션을 주고 브랜치를 삭제한다.

$ git branch -d hotfix
Deleted branch hotfix (was 3a0874c).


자 이제 이슈 53번을 처리하던 환경으로 되돌아가서 하던 일을 계속 하자

$ git checkout iss53
Switched to branch 'iss53'
$ vim index.html
$ git commit -a -m 'finished the new footer [issue 53]'
[iss53 ad82d7a] finished the new footer [issue 53]
 1 file changed, 1 insertion(+)

위에서 작업한 hotfix가 iss53 브랜치에 영향을 끼치지 않는다는 점을 이해하는 것이 중요하다. 
git merge master 명령으로 master 브랜치를 iss53 브랜치에 Merge하면 iss53 브랜치에 hotfix가 적용된다. 
아니면 iss53 브랜치가 master에 Merge할 수 있는 수준이 될 때까지 기다렸다가 
Merge하면 hotfix와 iss53가 합쳐진다.


[Merge의 기초]

53번 이슈를 다 구현하고 master 브랜치에 Merge하는 과정을 살펴보자. 
master 브랜치에 Merge하는 것은 앞서 살펴본 hotfix 브랜치를 Merge하는 것과 비슷하다. 
git merge 명령으로 합칠 브랜치에서 합쳐질 브랜치를 Merge하면 된다:

$ git checkout master
$ git merge iss53
Auto-merging README
Merge made by the 'recursive' strategy.
 README | 1 +
 1 file changed, 1 insertion(+)

hotfix를 Merge했을 때와 메시지가 다르다. 
현 브랜치가 가리키는 커밋이 Merge할 브랜치의 조상이 아니므로 
Git은 'Fast-forward'로 Merge하지 않는다. 

이러면 Git은 각 브랜치가 가리키는 커밋 두 개와 공통 조상 하나를 사용하여 
3-way Merge를 한다. 그림 3-16에 이 Merge에서 사용하는 커밋 세 개가 표시된다.


단순히 브랜치 포인터를 최신 커밋으로 옮기는 게 아니라 
3-way Merge의 결과를 별도의 커밋으로 만들고 나서 해당 브랜치가 
그 커밋을 가리키도록 이동시킨다. 
그래서 이런 커밋은 부모가 여러 개고 Merge 커밋이라고 부른다.

Git은 Merge하는데 필요한 최적의 공통 조상을 자동으로 찾는다. 
이런 기능도 Git이 다른 버전 관리 시스템보다 나은 점이다. 

CVS나 Subversion 같은 버전 관리 시스템은 개발자가 직접 공통 조상을 
찾아서 Merge해야 한다. Git은 다른 시스템보다 Merge가 대단히 쉽다.

iss53 브랜치를 master에 Merge하고 나면 더는 iss53 브랜치가 필요 없다. 
다음 명령으로 브랜치를 삭제하고 이슈의 상태를 처리 완료로 표시한다:

$ git branch -d iss53

[충돌의 기초]

가끔씩 3-way Merge가 실패할 때도 있다. Merge하는 두 브랜치에서 같은 파일의 한 부분을 동시에 수정하고 
Merge하면 Git은 해당 부분을 Merge하지 못한다. 예를 들어, 53번 이슈와 hotfix가 같은 부분을 수정했다면 Git은 Merge하지 못하고 다음과 같은 충돌(Conflict) 메시지를 출력한다:

$ git merge iss53
Auto-merging index.html
CONFLICT (content): Merge conflict in index.html
Automatic merge failed; fix conflicts and then commit the result.

Git은 자동으로 Merge하지 못해서 새 커밋이 생기지 않는다. 
변경사항의 충돌을 개발자가 해결하지 않는 한 Merge 과정을 진행할 수 없다. 
Merge 충돌이 일어났을 때 Git이 어떤 파일을 Merge할 수 없었는지 
살펴보려면 git status 명령을 이용한다:

$ git status
On branch master
You have unmerged paths.
  (fix conflicts and run "git commit")

Unmerged paths:
  (use "git add <file>..." to mark resolution)

        both modified:      index.html

no changes added to commit (use "git add" and/or "git commit -a")


충돌이 일어난 파일은 unmerged 상태로 표시된다. Git은 충돌이 난 부분을 표준 형식에 따라 표시해준다. 
그러면 개발자는 해당 부분을 수동으로 해결한다. 충돌 난 부분은 다음과 같이 표시된다.

<<<<<<< HEAD
<div id='footer'>contact : email.support@github.com</div>
=======
<div id='footer'>
  please contact us at support@github.com
</div>
>>>>>>> iss53

======= 위쪽의 내용은 HEAD 버전(merge 명령을 실행할 때 작업하던 master 브랜치)의 내용이고 아래쪽은
iss53 브랜치의 내용이다. 충돌을 해결하려면 위쪽이나 아래쪽 내용 중에서 고르거나 새로 작성하여 Merge한다
. 다음은 아예 새로 작성하여 충돌을 해결하는 예제다:


<div id='footer'>
please contact us at email.support@github.com
</div>

충돌한 양쪽에서 조금씩 가져와서 새로 수정했다. 그리고 <<<<<<<, =======, >>>>>>> 가 
포함된 행을 삭제하였다. 이렇게 충돌한 부분을 해결하고 git add 명령으로 다시 Git에 저장한다. 
충돌을 쉽게 해결하기 위해 다른 Merge 도구도 이용할 수 있다. git mergetool 명령으로 실행한다:

$ git mergetool

This message is displayed because 'merge.tool' is not configured.
See 'git mergetool --tool-help' or 'git help config' for more details.
'git mergetool' will now attempt to use one of the following tools:
opendiff kdiff3 tkdiff xxdiff meld tortoisemerge gvimdiff diffuse diffmerge ecmerge p4merge araxis bc3 codecompare vimdiff emerge
Merging:
index.html

Normal merge conflict for 'index.html':
  {local}: modified file
  {remote}: modified file
Hit return to start merge resolution tool (opendiff):

Mac에서는 opendiff가 실행된다. 기본 도구 말고 사용할 수 있는 다른 Merge 도구도 있는데, 
"... one of the following tools:" 부분에 보여준다. 여기에 표시된 도구 중 하나를 고를 수 있다. 
Merge 도구를 변경하는 방법은 7장에서 다룬다.

Merge 도구를 종료하면 Git은 잘 Merge했는지 물어본다. 
잘 마쳤다고 입력하면 자동으로 git add가 수행되고 해당 파일이 Staging Area에 저장된다.

git status 명령으로 충돌이 해결된 상태인지 다시 한번 확인해볼 수 있다.

$ git status
On branch master
Changes to be committed:
  (use 'git reset HEAD <file>...' to unstage)

        modified:   index.html

충돌을 해결하고 나서 해당 파일이 Staging Area에 저장됐는지 확인했으면 
git commit 명령으로 Merge 한 것을 커밋한다. 

충돌을 해결하고 Merge할 때에는 커밋 메시지가 아래와 같다.

Merge branch 'iss53'

Conflicts:
  index.html
#
# It looks like you may be committing a merge.
# If this is not correct, please remove the file
#       .git/MERGE_HEAD
# and try again.
#

어떻게 충돌을 해결했고 좀 더 확인해야 하는 부분은 무엇을 어떻게 했는지 자세하게 기록한다. 
자세한 기록은 나중에 이 Merge 커밋을 이해하는데 도움을 줄 것이다.



